
Allocating common symbols
Common symbol       size              file

idt_ptr             0x6               kernel/global.o
task_stack          0x28000           kernel/global.o
k_reenter           0x4               kernel/global.o
gdt                 0x400             kernel/global.o
tty_table           0xc30             kernel/global.o
tss                 0x68              kernel/global.o
nr_current_console  0x4               kernel/global.o
disp_pos            0x4               kernel/global.o
gdt_ptr             0x6               kernel/global.o
idt                 0x800             kernel/global.o
ticks               0x4               kernel/global.o
console_table       0x30              kernel/global.o
irq_table           0x40              kernel/global.o
p_proc_ready        0x4               kernel/global.o
proc_table          0x2f8             kernel/global.o

Discarded input sections

 .note.GNU-stack
                0x0000000000000000        0x0 kernel/start.o
 .note.GNU-stack
                0x0000000000000000        0x0 kernel/main.o
 .note.GNU-stack
                0x0000000000000000        0x0 kernel/clock.o
 .note.GNU-stack
                0x0000000000000000        0x0 kernel/keyboard.o
 .note.GNU-stack
                0x0000000000000000        0x0 kernel/tty.o
 .note.GNU-stack
                0x0000000000000000        0x0 kernel/console.o
 .note.GNU-stack
                0x0000000000000000        0x0 kernel/i8259.o
 .note.GNU-stack
                0x0000000000000000        0x0 kernel/global.o
 .note.GNU-stack
                0x0000000000000000        0x0 kernel/protect.o
 .note.GNU-stack
                0x0000000000000000        0x0 kernel/proc.o
 .note.GNU-stack
                0x0000000000000000        0x0 kernel/systask.o
 .note.GNU-stack
                0x0000000000000000        0x0 kernel/printf.o
 .note.GNU-stack
                0x0000000000000000        0x0 kernel/vsprintf.o
 .note.GNU-stack
                0x0000000000000000        0x0 lib/klib.o
 .note.GNU-stack
                0x0000000000000000        0x0 lib/misc.o

Memory Configuration

Name             Origin             Length             Attributes
*default*        0x0000000000000000 0xffffffffffffffff

Linker script and memory map

Address of section .text set to 0x30400
LOAD kernel/kernel.o
LOAD kernel/syscall.o
LOAD kernel/start.o
LOAD kernel/main.o
LOAD kernel/clock.o
LOAD kernel/keyboard.o
LOAD kernel/tty.o
LOAD kernel/console.o
LOAD kernel/i8259.o
LOAD kernel/global.o
LOAD kernel/protect.o
LOAD kernel/proc.o
LOAD kernel/systask.o
LOAD kernel/printf.o
LOAD kernel/vsprintf.o
LOAD lib/kliba.o
LOAD lib/klib.o
LOAD lib/string.o
LOAD lib/misc.o
                [!provide]                        PROVIDE (__executable_start = SEGMENT_START ("text-segment", 0x8048000))
                0x0000000008048094                . = (SEGMENT_START ("text-segment", 0x8048000) + SIZEOF_HEADERS)

.interp
 *(.interp)

.note.gnu.build-id
 *(.note.gnu.build-id)

.hash
 *(.hash)

.gnu.hash
 *(.gnu.hash)

.dynsym
 *(.dynsym)

.dynstr
 *(.dynstr)

.gnu.version
 *(.gnu.version)

.gnu.version_d
 *(.gnu.version_d)

.gnu.version_r
 *(.gnu.version_r)

.rel.dyn        0x0000000008048094        0x0
 *(.rel.init)
 *(.rel.text .rel.text.* .rel.gnu.linkonce.t.*)
 .rel.text      0x0000000008048094        0x0 kernel/kernel.o
 *(.rel.fini)
 *(.rel.rodata .rel.rodata.* .rel.gnu.linkonce.r.*)
 *(.rel.data.rel.ro .rel.data.rel.ro.* .rel.gnu.linkonce.d.rel.ro.*)
 *(.rel.data .rel.data.* .rel.gnu.linkonce.d.*)
 *(.rel.tdata .rel.tdata.* .rel.gnu.linkonce.td.*)
 *(.rel.tbss .rel.tbss.* .rel.gnu.linkonce.tb.*)
 *(.rel.ctors)
 *(.rel.dtors)
 *(.rel.got)
 .rel.got       0x0000000008048094        0x0 kernel/kernel.o
 *(.rel.bss .rel.bss.* .rel.gnu.linkonce.b.*)
 *(.rel.ifunc)

.rel.plt        0x0000000008048094        0x0
 *(.rel.plt)
                [!provide]                        PROVIDE (__rel_iplt_start = .)
 *(.rel.iplt)
 .rel.iplt      0x0000000008048094        0x0 kernel/kernel.o
                [!provide]                        PROVIDE (__rel_iplt_end = .)

.init
 *(SORT_NONE(.init))

.plt            0x0000000008048098        0x0
 *(.plt)
 *(.iplt)
 .iplt          0x0000000008048098        0x0 kernel/kernel.o

.plt.got
 *(.plt.got)

.plt.sec
 *(.plt.sec)

.text           0x0000000000030400     0x3b6c
 *(.text.unlikely .text.*_unlikely .text.unlikely.*)
 *(.text.exit .text.exit.*)
 *(.text.startup .text.startup.*)
 *(.text.hot .text.hot.*)
 *(.text .stub .text.* .gnu.linkonce.t.*)
 .text          0x0000000000030400      0x317 kernel/kernel.o
                0x0000000000030400                _start
                0x0000000000030440                hwint00
                0x0000000000030470                hwint01
                0x00000000000304a0                hwint02
                0x00000000000304d0                hwint03
                0x0000000000030500                hwint04
                0x0000000000030530                hwint05
                0x0000000000030560                hwint06
                0x0000000000030590                hwint07
                0x00000000000305c0                hwint08
                0x00000000000305d0                hwint09
                0x00000000000305e0                hwint10
                0x00000000000305f0                hwint11
                0x0000000000030600                hwint12
                0x0000000000030610                hwint13
                0x0000000000030620                hwint14
                0x0000000000030630                hwint15
                0x000000000003063b                divide_error
                0x0000000000030641                single_step_exception
                0x0000000000030647                nmi
                0x000000000003064d                breakpoint_exception
                0x0000000000030653                overflow
                0x0000000000030659                bounds_check
                0x000000000003065f                inval_opcode
                0x0000000000030665                copr_not_available
                0x000000000003066b                double_fault
                0x000000000003066f                copr_seg_overrun
                0x0000000000030675                inval_tss
                0x0000000000030679                segment_not_present
                0x000000000003067d                stack_exception
                0x0000000000030681                general_protection
                0x0000000000030685                page_fault
                0x0000000000030689                copr_error
                0x00000000000306d2                sys_call
                0x00000000000306f2                restart
 *fill*         0x0000000000030717        0x9 
 .text          0x0000000000030720       0x20 kernel/syscall.o
                0x0000000000030720                sendrec
                0x0000000000030734                printx
 .text          0x0000000000030740       0x95 kernel/start.o
                0x0000000000030740                cstart
 .text          0x00000000000307d5      0x380 kernel/main.o
                0x00000000000307d5                kernel_main
                0x0000000000030a5a                get_ticks
                0x0000000000030a8e                TestA
                0x0000000000030abc                TestB
                0x0000000000030ae4                TestC
                0x0000000000030b0c                panic
 .text          0x0000000000030b55       0xc5 kernel/clock.o
                0x0000000000030b55                clock_handler
                0x0000000000030b98                milli_delay
                0x0000000000030bc2                init_clock
 .text          0x0000000000030c1a      0x689 kernel/keyboard.o
                0x0000000000030c1a                keyboard_handler
                0x0000000000030c7a                init_keyboard
                0x0000000000030d1f                keyboard_read
 .text          0x00000000000312a3      0x514 kernel/tty.o
                0x00000000000312a3                task_tty
                0x000000000003135d                in_process
                0x00000000000315c3                tty_write
                0x0000000000031609                sys_printx
 .text          0x00000000000317b7      0x426 kernel/console.o
                0x00000000000317b7                init_screen
                0x00000000000318d7                is_current_console
                0x00000000000318f2                out_char
                0x0000000000031b3c                select_console
                0x0000000000031b72                scroll_screen
 .text          0x0000000000031bdd      0x130 kernel/i8259.o
                0x0000000000031bdd                init_8259A
                0x0000000000031cb2                spurious_irq
                0x0000000000031ce9                put_irq_handler
 .text          0x0000000000031d0d        0x0 kernel/global.o
 .text          0x0000000000031d0d      0x614 kernel/protect.o
                0x0000000000031d0d                init_prot
                0x000000000003212a                seg2phys
                0x00000000000321e6                exception_handler
 .text          0x0000000000032321     0x15bc kernel/proc.o
                0x0000000000032321                schedule
                0x00000000000323ad                sys_sendrec
                0x00000000000324cb                send_recv
                0x0000000000032588                ldt_seg_linear
                0x00000000000325d2                va2la
                0x0000000000032633                reset_msg
                0x0000000000033429                dump_proc
                0x00000000000337cf                dump_msg
 .text          0x00000000000338dd       0x58 kernel/systask.o
                0x00000000000338dd                task_sys
 .text          0x0000000000033935       0x50 kernel/printf.o
                0x0000000000033935                printf
 .text          0x0000000000033985      0x309 kernel/vsprintf.o
                0x00000000000339eb                vsprintf
                0x0000000000033c68                sprintf
 *fill*         0x0000000000033c8e        0x2 
 .text          0x0000000000033c90       0xeb lib/kliba.o
                0x0000000000033c90                disp_str
                0x0000000000033cce                disp_color_str
                0x0000000000033d0d                out_byte
                0x0000000000033d19                in_byte
                0x0000000000033d23                disable_irq
                0x0000000000033d58                enable_irq
                0x0000000000033d77                disable_int
                0x0000000000033d79                enable_int
 .text          0x0000000000033d7b      0x119 lib/klib.o
                0x0000000000033d7b                itoa
                0x0000000000033e26                disp_int
                0x0000000000033e4d                delay
 *fill*         0x0000000000033e94        0xc 
 .text          0x0000000000033ea0       0x78 lib/string.o
                0x0000000000033ea0                memcpy
                0x0000000000033ec9                memset
                0x0000000000033eea                strcpy
                0x0000000000033f02                strlen
 .text          0x0000000000033f18       0x54 lib/misc.o
                0x0000000000033f18                spin
                0x0000000000033f33                assertion_failure
 *(.gnu.warning)

.fini
 *(SORT_NONE(.fini))
                [!provide]                        PROVIDE (__etext = .)
                [!provide]                        PROVIDE (_etext = .)
                [!provide]                        PROVIDE (etext = .)

.rodata         0x0000000000033f80      0xd51
 *(.rodata .rodata.* .gnu.linkonce.r.*)
 .rodata        0x0000000000033f80       0x47 kernel/start.o
 *fill*         0x0000000000033fc7        0x1 
 .rodata        0x0000000000033fc8       0x3f kernel/main.o
 *fill*         0x0000000000034007        0x1 
 .rodata        0x0000000000034008       0x64 kernel/keyboard.o
 .rodata        0x000000000003406c       0x90 kernel/tty.o
 .rodata        0x00000000000340fc       0x11 kernel/i8259.o
 *fill*         0x000000000003410d       0x13 
 .rodata        0x0000000000034120      0x540 kernel/protect.o
 .rodata        0x0000000000034660      0x5fe kernel/proc.o
 .rodata        0x0000000000034c5e       0x11 kernel/systask.o
 *fill*         0x0000000000034c6f        0x1 
 .rodata        0x0000000000034c70       0x61 lib/misc.o

.rodata1
 *(.rodata1)

.eh_frame_hdr
 *(.eh_frame_hdr)
 *(.eh_frame_entry .eh_frame_entry.*)

.eh_frame       0x0000000000034cd4      0x828
 *(.eh_frame)
 .eh_frame      0x0000000000034cd4       0x38 kernel/start.o
 .eh_frame      0x0000000000034d0c       0xb0 kernel/main.o
                                         0xc8 (size before relaxing)
 .eh_frame      0x0000000000034dbc       0x60 kernel/clock.o
                                         0x78 (size before relaxing)
 .eh_frame      0x0000000000034e1c       0xe0 kernel/keyboard.o
                                         0xf8 (size before relaxing)
 .eh_frame      0x0000000000034efc       0xfc kernel/tty.o
                                        0x114 (size before relaxing)
 .eh_frame      0x0000000000034ff8      0x100 kernel/console.o
                                        0x118 (size before relaxing)
 .eh_frame      0x00000000000350f8       0x60 kernel/i8259.o
                                         0x78 (size before relaxing)
 .eh_frame      0x0000000000035158       0xb0 kernel/protect.o
                                         0xc8 (size before relaxing)
 .eh_frame      0x0000000000035208      0x1b8 kernel/proc.o
                                        0x1d0 (size before relaxing)
 .eh_frame      0x00000000000353c0       0x1c kernel/systask.o
                                         0x34 (size before relaxing)
 .eh_frame      0x00000000000353dc       0x20 kernel/printf.o
                                         0x38 (size before relaxing)
 .eh_frame      0x00000000000353fc       0x64 kernel/vsprintf.o
                                         0x7c (size before relaxing)
 .eh_frame      0x0000000000035460       0x60 lib/klib.o
                                         0x78 (size before relaxing)
 .eh_frame      0x00000000000354c0       0x3c lib/misc.o
                                         0x54 (size before relaxing)
 *(.eh_frame.*)

.gcc_except_table
 *(.gcc_except_table .gcc_except_table.*)

.gnu_extab
 *(.gnu_extab*)

.exception_ranges
 *(.exception_ranges .exception_ranges*)
                0x0000000000037000                . = DATA_SEGMENT_ALIGN (CONSTANT (MAXPAGESIZE), CONSTANT (COMMONPAGESIZE))

.eh_frame
 *(.eh_frame)
 *(.eh_frame.*)

.gnu_extab
 *(.gnu_extab)

.gcc_except_table
 *(.gcc_except_table .gcc_except_table.*)

.exception_ranges
 *(.exception_ranges .exception_ranges*)

.tdata
 *(.tdata .tdata.* .gnu.linkonce.td.*)

.tbss
 *(.tbss .tbss.* .gnu.linkonce.tb.*)
 *(.tcommon)

.preinit_array  0x0000000000037000        0x0
                [!provide]                        PROVIDE (__preinit_array_start = .)
 *(.preinit_array)
                [!provide]                        PROVIDE (__preinit_array_end = .)

.init_array     0x0000000000037000        0x0
                [!provide]                        PROVIDE (__init_array_start = .)
 *(SORT_BY_INIT_PRIORITY(.init_array.*) SORT_BY_INIT_PRIORITY(.ctors.*))
 *(.init_array EXCLUDE_FILE(*crtend?.o *crtend.o *crtbegin?.o *crtbegin.o) .ctors)
                [!provide]                        PROVIDE (__init_array_end = .)

.fini_array     0x0000000000037000        0x0
                [!provide]                        PROVIDE (__fini_array_start = .)
 *(SORT_BY_INIT_PRIORITY(.fini_array.*) SORT_BY_INIT_PRIORITY(.dtors.*))
 *(.fini_array EXCLUDE_FILE(*crtend?.o *crtend.o *crtbegin?.o *crtbegin.o) .dtors)
                [!provide]                        PROVIDE (__fini_array_end = .)

.ctors
 *crtbegin.o(.ctors)
 *crtbegin?.o(.ctors)
 *(EXCLUDE_FILE(*crtend?.o *crtend.o) .ctors)
 *(SORT_BY_NAME(.ctors.*))
 *(.ctors)

.dtors
 *crtbegin.o(.dtors)
 *crtbegin?.o(.dtors)
 *(EXCLUDE_FILE(*crtend?.o *crtend.o) .dtors)
 *(SORT_BY_NAME(.dtors.*))
 *(.dtors)

.jcr
 *(.jcr)

.data.rel.ro
 *(.data.rel.ro.local* .gnu.linkonce.d.rel.ro.local.*)
 *(.data.rel.ro .data.rel.ro.* .gnu.linkonce.d.rel.ro.*)

.dynamic
 *(.dynamic)

.got            0x0000000000037000        0x0
 *(.got)
 .got           0x0000000000037000        0x0 kernel/kernel.o
 *(.igot)
                0x0000000000037000                . = DATA_SEGMENT_RELRO_END (., (SIZEOF (.got.plt) >= 0xc)?0xc:0x0)

.got.plt        0x0000000000037000        0x0
 *(.got.plt)
 .got.plt       0x0000000000037000        0x0 kernel/kernel.o
 *(.igot.plt)
 .igot.plt      0x0000000000037000        0x0 kernel/kernel.o

.data           0x0000000000037000      0x704
 *(.data .data.* .gnu.linkonce.d.*)
 .data          0x0000000000037000        0x2 kernel/kernel.o
 .data          0x0000000000037002        0x0 kernel/start.o
 .data          0x0000000000037002        0x0 kernel/main.o
 .data          0x0000000000037002        0x0 kernel/clock.o
 *fill*         0x0000000000037002       0x1e 
 .data          0x0000000000037020      0x600 kernel/keyboard.o
                0x0000000000037020                keymap
 .data          0x0000000000037620        0x0 kernel/tty.o
 .data          0x0000000000037620        0x0 kernel/console.o
 .data          0x0000000000037620        0x0 kernel/i8259.o
 .data          0x0000000000037620       0xe4 kernel/global.o
                0x0000000000037620                task_table
                0x0000000000037680                user_proc_table
                0x00000000000376f8                sys_call_table
 .data          0x0000000000037704        0x0 kernel/protect.o
 .data          0x0000000000037704        0x0 kernel/proc.o
 .data          0x0000000000037704        0x0 kernel/systask.o
 .data          0x0000000000037704        0x0 kernel/printf.o
 .data          0x0000000000037704        0x0 kernel/vsprintf.o
 .data          0x0000000000037704        0x0 lib/klib.o
 .data          0x0000000000037704        0x0 lib/misc.o

.data1
 *(.data1)
                0x0000000000037704                _edata = .
                [!provide]                        PROVIDE (edata = .)
                0x0000000000037704                . = .
                0x0000000000037704                __bss_start = .

.bss            0x0000000000037720    0x2a518
 *(.dynbss)
 *(.bss .bss.* .gnu.linkonce.b.*)
 .bss           0x0000000000037720      0x800 kernel/kernel.o
 .bss           0x0000000000037f20        0x0 kernel/start.o
 .bss           0x0000000000037f20        0x0 kernel/main.o
 .bss           0x0000000000037f20        0x0 kernel/clock.o
 .bss           0x0000000000037f20       0x58 kernel/keyboard.o
 .bss           0x0000000000037f78        0x0 kernel/tty.o
 .bss           0x0000000000037f78        0x0 kernel/console.o
 .bss           0x0000000000037f78        0x0 kernel/i8259.o
 .bss           0x0000000000037f78        0x0 kernel/global.o
 .bss           0x0000000000037f78        0x0 kernel/protect.o
 .bss           0x0000000000037f78        0x0 kernel/proc.o
 .bss           0x0000000000037f78        0x0 kernel/systask.o
 .bss           0x0000000000037f78        0x0 kernel/printf.o
 .bss           0x0000000000037f78        0x0 kernel/vsprintf.o
 .bss           0x0000000000037f78        0x0 lib/klib.o
 .bss           0x0000000000037f78        0x0 lib/misc.o
 *(COMMON)
 *fill*         0x0000000000037f78        0x8 
 COMMON         0x0000000000037f80    0x29cb8 kernel/global.o
                0x0000000000037f80                idt_ptr
                0x0000000000037fa0                task_stack
                0x000000000005ffa0                k_reenter
                0x000000000005ffc0                gdt
                0x00000000000603c0                tty_table
                0x0000000000061000                tss
                0x0000000000061068                nr_current_console
                0x000000000006106c                disp_pos
                0x0000000000061070                gdt_ptr
                0x0000000000061080                idt
                0x0000000000061880                ticks
                0x00000000000618a0                console_table
                0x00000000000618e0                irq_table
                0x0000000000061920                p_proc_ready
                0x0000000000061940                proc_table
                0x0000000000061c38                . = ALIGN ((. != 0x0)?0x4:0x1)
                0x0000000000061c38                . = ALIGN (0x4)
                0x0000000000061c38                . = SEGMENT_START ("ldata-segment", .)
                0x0000000000061c38                . = ALIGN (0x4)
                0x0000000000061c38                _end = .
                [!provide]                        PROVIDE (end = .)
                0x0000000000061c38                . = DATA_SEGMENT_END (.)

.stab
 *(.stab)

.stabstr
 *(.stabstr)

.stab.excl
 *(.stab.excl)

.stab.exclstr
 *(.stab.exclstr)

.stab.index
 *(.stab.index)

.stab.indexstr
 *(.stab.indexstr)

.comment        0x0000000000000000       0x2c
 *(.comment)
 .comment       0x0000000000000000       0x2c kernel/start.o
                                         0x2d (size before relaxing)
 .comment       0x000000000000002c       0x2d kernel/main.o
 .comment       0x000000000000002c       0x2d kernel/clock.o
 .comment       0x000000000000002c       0x2d kernel/keyboard.o
 .comment       0x000000000000002c       0x2d kernel/tty.o
 .comment       0x000000000000002c       0x2d kernel/console.o
 .comment       0x000000000000002c       0x2d kernel/i8259.o
 .comment       0x000000000000002c       0x2d kernel/global.o
 .comment       0x000000000000002c       0x2d kernel/protect.o
 .comment       0x000000000000002c       0x2d kernel/proc.o
 .comment       0x000000000000002c       0x2d kernel/systask.o
 .comment       0x000000000000002c       0x2d kernel/printf.o
 .comment       0x000000000000002c       0x2d kernel/vsprintf.o
 .comment       0x000000000000002c       0x2d lib/klib.o
 .comment       0x000000000000002c       0x2d lib/misc.o

.gnu.build.attributes
 *(.gnu.build.attributes .gnu.build.attributes.*)

.debug
 *(.debug)

.line
 *(.line)

.debug_srcinfo
 *(.debug_srcinfo)

.debug_sfnames
 *(.debug_sfnames)

.debug_aranges  0x0000000000000000      0x1d8
 *(.debug_aranges)
 .debug_aranges
                0x0000000000000000       0x20 kernel/start.o
 .debug_aranges
                0x0000000000000020       0x20 kernel/main.o
 .debug_aranges
                0x0000000000000040       0x20 kernel/clock.o
 .debug_aranges
                0x0000000000000060       0x20 kernel/keyboard.o
 .debug_aranges
                0x0000000000000080       0x20 kernel/tty.o
 .debug_aranges
                0x00000000000000a0       0x20 kernel/console.o
 .debug_aranges
                0x00000000000000c0       0x20 kernel/i8259.o
 .debug_aranges
                0x00000000000000e0       0x18 kernel/global.o
 .debug_aranges
                0x00000000000000f8       0x20 kernel/protect.o
 .debug_aranges
                0x0000000000000118       0x20 kernel/proc.o
 .debug_aranges
                0x0000000000000138       0x20 kernel/systask.o
 .debug_aranges
                0x0000000000000158       0x20 kernel/printf.o
 .debug_aranges
                0x0000000000000178       0x20 kernel/vsprintf.o
 .debug_aranges
                0x0000000000000198       0x20 lib/klib.o
 .debug_aranges
                0x00000000000001b8       0x20 lib/misc.o

.debug_pubnames
 *(.debug_pubnames)

.debug_info     0x0000000000000000     0x92f9
 *(.debug_info .gnu.linkonce.wi.*)
 .debug_info    0x0000000000000000      0x8be kernel/start.o
 .debug_info    0x00000000000008be      0xa0a kernel/main.o
 .debug_info    0x00000000000012c8      0x8cc kernel/clock.o
 .debug_info    0x0000000000001b94      0xb6e kernel/keyboard.o
 .debug_info    0x0000000000002702      0xabd kernel/tty.o
 .debug_info    0x00000000000031bf      0xa04 kernel/console.o
 .debug_info    0x0000000000003bc3      0x8e0 kernel/i8259.o
 .debug_info    0x00000000000044a3      0x925 kernel/global.o
 .debug_info    0x0000000000004dc8      0xa5b kernel/protect.o
 .debug_info    0x0000000000005823      0xcf2 kernel/proc.o
 .debug_info    0x0000000000006515      0x8c0 kernel/systask.o
 .debug_info    0x0000000000006dd5      0x8e5 kernel/printf.o
 .debug_info    0x00000000000076ba      0xa06 kernel/vsprintf.o
 .debug_info    0x00000000000080c0      0x959 lib/klib.o
 .debug_info    0x0000000000008a19      0x8e0 lib/misc.o

.debug_abbrev   0x0000000000000000     0x1bc5
 *(.debug_abbrev)
 .debug_abbrev  0x0000000000000000      0x16f kernel/start.o
 .debug_abbrev  0x000000000000016f      0x1ec kernel/main.o
 .debug_abbrev  0x000000000000035b      0x1c5 kernel/clock.o
 .debug_abbrev  0x0000000000000520      0x249 kernel/keyboard.o
 .debug_abbrev  0x0000000000000769      0x21e kernel/tty.o
 .debug_abbrev  0x0000000000000987      0x1cb kernel/console.o
 .debug_abbrev  0x0000000000000b52      0x1ab kernel/i8259.o
 .debug_abbrev  0x0000000000000cfd      0x16f kernel/global.o
 .debug_abbrev  0x0000000000000e6c      0x1f4 kernel/protect.o
 .debug_abbrev  0x0000000000001060      0x2ec kernel/proc.o
 .debug_abbrev  0x000000000000134c      0x194 kernel/systask.o
 .debug_abbrev  0x00000000000014e0      0x192 kernel/printf.o
 .debug_abbrev  0x0000000000001672      0x1db kernel/vsprintf.o
 .debug_abbrev  0x000000000000184d      0x1dc lib/klib.o
 .debug_abbrev  0x0000000000001a29      0x19c lib/misc.o

.debug_line     0x0000000000000000     0x1d39
 *(.debug_line .debug_line.* .debug_line_end)
 .debug_line    0x0000000000000000       0xc2 kernel/start.o
 .debug_line    0x00000000000000c2      0x2ab kernel/main.o
 .debug_line    0x000000000000036d       0xdf kernel/clock.o
 .debug_line    0x000000000000044c      0x453 kernel/keyboard.o
 .debug_line    0x000000000000089f      0x2d3 kernel/tty.o
 .debug_line    0x0000000000000b72      0x229 kernel/console.o
 .debug_line    0x0000000000000d9b       0xce kernel/i8259.o
 .debug_line    0x0000000000000e69       0x7b kernel/global.o
 .debug_line    0x0000000000000ee4      0x1f1 kernel/protect.o
 .debug_line    0x00000000000010d5      0x718 kernel/proc.o
 .debug_line    0x00000000000017ed       0xb4 kernel/systask.o
 .debug_line    0x00000000000018a1       0xa0 kernel/printf.o
 .debug_line    0x0000000000001941      0x229 kernel/vsprintf.o
 .debug_line    0x0000000000001b6a      0x12b lib/klib.o
 .debug_line    0x0000000000001c95       0xa4 lib/misc.o

.debug_frame
 *(.debug_frame)

.debug_str      0x0000000000000000      0x9cc
 *(.debug_str)
 .debug_str     0x0000000000000000      0x390 kernel/start.o
                                        0x401 (size before relaxing)
 .debug_str     0x0000000000000390       0x8f kernel/main.o
                                        0x453 (size before relaxing)
 .debug_str     0x000000000000041f       0x3e kernel/clock.o
                                        0x3fb (size before relaxing)
 .debug_str     0x000000000000045d      0x13e kernel/keyboard.o
                                        0x506 (size before relaxing)
 .debug_str     0x000000000000059b       0x87 kernel/tty.o
                                        0x451 (size before relaxing)
 .debug_str     0x0000000000000622       0xb6 kernel/console.o
                                        0x489 (size before relaxing)
 .debug_str     0x00000000000006d8       0x37 kernel/i8259.o
                                        0x3fc (size before relaxing)
 .debug_str     0x000000000000070f       0x2b kernel/global.o
                                        0x3e8 (size before relaxing)
 .debug_str     0x000000000000073a       0xbb kernel/protect.o
                                        0x4a9 (size before relaxing)
 .debug_str     0x00000000000007f5      0x104 kernel/proc.o
                                        0x4f9 (size before relaxing)
 .debug_str     0x00000000000008f9       0x1a kernel/systask.o
                                        0x3f2 (size before relaxing)
 .debug_str     0x0000000000000913       0x10 kernel/printf.o
                                        0x3dc (size before relaxing)
 .debug_str     0x0000000000000923       0x3e kernel/vsprintf.o
                                        0x410 (size before relaxing)
 .debug_str     0x0000000000000961       0x30 lib/klib.o
                                        0x3f3 (size before relaxing)
 .debug_str     0x0000000000000991       0x3b lib/misc.o
                                        0x3fd (size before relaxing)

.debug_loc
 *(.debug_loc)

.debug_macinfo
 *(.debug_macinfo)

.debug_weaknames
 *(.debug_weaknames)

.debug_funcnames
 *(.debug_funcnames)

.debug_typenames
 *(.debug_typenames)

.debug_varnames
 *(.debug_varnames)

.debug_pubtypes
 *(.debug_pubtypes)

.debug_ranges
 *(.debug_ranges)

.debug_macro
 *(.debug_macro)

.debug_addr
 *(.debug_addr)

.gnu.attributes
 *(.gnu.attributes)

/DISCARD/
 *(.note.GNU-stack)
 *(.gnu_debuglink)
 *(.gnu.lto_*)
 *(.gnu_object_only)
OUTPUT(kernel.bin elf32-i386)
